

================================================================
== Vitis HLS Report for 'mod_product'
================================================================
* Date:           Thu Dec 12 17:19:57 2024

* Version:        2022.2 (Build 3670227 on Oct 13 2022)
* Project:        baseline
* Solution:       solution1 (Vivado IP Flow Target)
* Product family: zynq
* Target device:  xc7z020-clg400-1


================================================================
== Performance Estimates
================================================================
+ Timing: 
    * Summary: 
    +--------+----------+----------+------------+
    |  Clock |  Target  | Estimated| Uncertainty|
    +--------+----------+----------+------------+
    |ap_clk  |  10.00 ns|  6.882 ns|     2.70 ns|
    +--------+----------+----------+------------+

+ Latency: 
    * Summary: 
    +---------+---------+----------+----------+-----+-----+---------+
    |  Latency (cycles) |  Latency (absolute) |  Interval | Pipeline|
    |   min   |   max   |    min   |    max   | min | max |   Type  |
    +---------+---------+----------+----------+-----+-----+---------+
    |      834|      834|  8.340 us|  8.340 us|  834|  834|       no|
    +---------+---------+----------+----------+-----+-----+---------+

    + Detail: 
        * Instance: 
        N/A

        * Loop: 
        +---------------+---------+---------+----------+-----------+-----------+------+----------+
        |               |  Latency (cycles) | Iteration|  Initiation Interval  | Trip |          |
        |   Loop Name   |   min   |   max   |  Latency |  achieved |   target  | Count| Pipelined|
        +---------------+---------+---------+----------+-----------+-----------+------+----------+
        |- MOD_PRODUCT  |      832|      832|        13|          -|          -|    64|        no|
        +---------------+---------+---------+----------+-----------+-----------+------+----------+



================================================================
== Utilization Estimates
================================================================
* Summary: 
+-----------------+---------+-----+--------+-------+-----+
|       Name      | BRAM_18K| DSP |   FF   |  LUT  | URAM|
+-----------------+---------+-----+--------+-------+-----+
|DSP              |        -|    -|       -|      -|    -|
|Expression       |        -|    -|       0|   3850|    -|
|FIFO             |        -|    -|       -|      -|    -|
|Instance         |        -|    -|    9280|   2112|    -|
|Memory           |        -|    -|       -|      -|    -|
|Multiplexer      |        -|    -|       -|    101|    -|
|Register         |        -|    -|    6452|      -|    -|
+-----------------+---------+-----+--------+-------+-----+
|Total            |        0|    0|   15732|   6063|    0|
+-----------------+---------+-----+--------+-------+-----+
|Available        |      280|  220|  106400|  53200|    0|
+-----------------+---------+-----+--------+-------+-----+
|Utilization (%)  |        0|    0|      14|     11|    0|
+-----------------+---------+-----+--------+-------+-----+

+ Detail: 
    * Instance: 
    +-----------------------------+-------------------------+---------+----+-----+-----+-----+
    |           Instance          |          Module         | BRAM_18K| DSP|  FF | LUT | URAM|
    +-----------------------------+-------------------------+---------+----+-----+-----+-----+
    |add_257ns_257ns_257_2_1_U2   |add_257ns_257ns_257_2_1  |        0|   0|  580|  132|    0|
    |add_257ns_257ns_257_2_1_U6   |add_257ns_257ns_257_2_1  |        0|   0|  580|  132|    0|
    |add_257ns_257ns_257_2_1_U10  |add_257ns_257ns_257_2_1  |        0|   0|  580|  132|    0|
    |add_257ns_257ns_257_2_1_U15  |add_257ns_257ns_257_2_1  |        0|   0|  580|  132|    0|
    |add_258ns_258ns_258_2_1_U1   |add_258ns_258ns_258_2_1  |        0|   0|  580|  132|    0|
    |add_258ns_258ns_258_2_1_U5   |add_258ns_258ns_258_2_1  |        0|   0|  580|  132|    0|
    |add_258ns_258ns_258_2_1_U9   |add_258ns_258ns_258_2_1  |        0|   0|  580|  132|    0|
    |add_258ns_258ns_258_2_1_U14  |add_258ns_258ns_258_2_1  |        0|   0|  580|  132|    0|
    |sub_257ns_257ns_257_2_1_U3   |sub_257ns_257ns_257_2_1  |        0|   0|  580|  132|    0|
    |sub_257ns_257ns_257_2_1_U4   |sub_257ns_257ns_257_2_1  |        0|   0|  580|  132|    0|
    |sub_257ns_257ns_257_2_1_U7   |sub_257ns_257ns_257_2_1  |        0|   0|  580|  132|    0|
    |sub_257ns_257ns_257_2_1_U8   |sub_257ns_257ns_257_2_1  |        0|   0|  580|  132|    0|
    |sub_257ns_257ns_257_2_1_U11  |sub_257ns_257ns_257_2_1  |        0|   0|  580|  132|    0|
    |sub_257ns_257ns_257_2_1_U12  |sub_257ns_257ns_257_2_1  |        0|   0|  580|  132|    0|
    |sub_257ns_257ns_257_2_1_U13  |sub_257ns_257ns_257_2_1  |        0|   0|  580|  132|    0|
    |sub_257ns_257ns_257_2_1_U16  |sub_257ns_257ns_257_2_1  |        0|   0|  580|  132|    0|
    +-----------------------------+-------------------------+---------+----+-----+-----+-----+
    |Total                        |                         |        0|   0| 9280| 2112|    0|
    +-----------------------------+-------------------------+---------+----+-----+-----+-----+

    * DSP: 
    N/A

    * Memory: 
    N/A

    * FIFO: 
    N/A

    * Expression: 
    +-------------------------+----------+----+---+-----+------------+------------+
    |      Variable Name      | Operation| DSP| FF| LUT | Bitwidth P0| Bitwidth P1|
    +-------------------------+----------+----+---+-----+------------+------------+
    |i_3_fu_149_p2            |         +|   0|  0|   14|           9|           3|
    |and_ln1031_1_fu_318_p2   |       and|   0|  0|    2|           1|           1|
    |and_ln1031_2_fu_395_p2   |       and|   0|  0|    2|           1|           1|
    |and_ln1031_3_fu_471_p2   |       and|   0|  0|    2|           1|           1|
    |and_ln1031_fu_202_p2     |       and|   0|  0|    2|           1|           1|
    |icmp_ln1031_1_fu_314_p2  |      icmp|   0|  0|   93|         258|         258|
    |icmp_ln1031_2_fu_391_p2  |      icmp|   0|  0|   93|         258|         258|
    |icmp_ln1031_3_fu_467_p2  |      icmp|   0|  0|   93|         258|         258|
    |icmp_ln1031_fu_198_p2    |      icmp|   0|  0|   93|         258|         258|
    |icmp_ln1035_1_fu_299_p2  |      icmp|   0|  0|   93|         258|         258|
    |icmp_ln1035_2_fu_365_p2  |      icmp|   0|  0|   93|         258|         258|
    |icmp_ln1035_3_fu_420_p2  |      icmp|   0|  0|   93|         258|         258|
    |icmp_ln1035_fu_176_p2    |      icmp|   0|  0|   93|         258|         258|
    |m_V_10_fu_400_p3         |    select|   0|  0|  257|           1|         257|
    |m_V_14_fu_476_p3         |    select|   0|  0|  257|           1|         257|
    |m_V_15_fu_483_p3         |    select|   0|  0|  257|           1|         257|
    |m_V_16_fu_215_p3         |    select|   0|  0|  257|           1|         257|
    |m_V_17_fu_330_p3         |    select|   0|  0|  257|           1|         257|
    |m_V_18_fu_407_p3         |    select|   0|  0|  257|           1|         257|
    |m_V_2_fu_208_p3          |    select|   0|  0|  257|           1|         257|
    |m_V_6_fu_323_p3          |    select|   0|  0|  257|           1|         257|
    |t_V_11_fu_451_p3         |    select|   0|  0|  257|           1|         257|
    |t_V_12_fu_222_p3         |    select|   0|  0|  257|           1|         257|
    |t_V_13_fu_336_p3         |    select|   0|  0|  257|           1|         257|
    |t_V_14_fu_385_p3         |    select|   0|  0|  257|           1|         257|
    +-------------------------+----------+----+---+-----+------------+------------+
    |Total                    |          |   0|  0| 3850|        2089|        5155|
    +-------------------------+----------+----+---+-----+------------+------------+

    * Multiplexer: 
    +----------------+----+-----------+-----+-----------+
    |      Name      | LUT| Input Size| Bits| Total Bits|
    +----------------+----+-----------+-----+-----------+
    |ap_NS_fsm       |  65|         15|    1|         15|
    |i_fu_54         |   9|          2|    9|         18|
    |lhs_1_fu_50     |   9|          2|  257|        514|
    |lhs_fu_46       |   9|          2|  257|        514|
    |shr_i_34_fu_58  |   9|          2|  256|        512|
    +----------------+----+-----------+-----+-----------+
    |Total           | 101|         23|  780|       1573|
    +----------------+----+-----------+-----+-----------+

    * Register: 
    +-----------------------+-----+----+-----+-----------+
    |          Name         |  FF | LUT| Bits| Const Bits|
    +-----------------------+-----+----+-----+-----------+
    |ap_CS_fsm              |   14|   0|   14|          0|
    |conv_i167_reg_521      |  256|   0|  258|          2|
    |i_fu_54                |    9|   0|    9|          0|
    |icmp_ln1035_1_reg_643  |    1|   0|    1|          0|
    |icmp_ln1035_2_reg_679  |    1|   0|    1|          0|
    |icmp_ln1035_3_reg_716  |    1|   0|    1|          0|
    |icmp_ln1035_reg_578    |    1|   0|    1|          0|
    |lhs_1_fu_50            |  257|   0|  257|          0|
    |lhs_fu_46              |  257|   0|  257|          0|
    |lhs_load_1_reg_548     |  257|   0|  257|          0|
    |m_V_12_reg_742         |  257|   0|  257|          0|
    |m_V_15_reg_748         |  257|   0|  257|          0|
    |m_V_16_reg_589         |  257|   0|  257|          0|
    |m_V_17_reg_654         |  257|   0|  257|          0|
    |m_V_18_reg_709         |  257|   0|  257|          0|
    |m_V_4_reg_637          |  257|   0|  257|          0|
    |m_V_8_reg_695          |  257|   0|  257|          0|
    |m_V_reg_572            |  257|   0|  257|          0|
    |ret_V_2_reg_632        |  258|   0|  258|          0|
    |ret_V_4_reg_690        |  258|   0|  258|          0|
    |ret_V_6_reg_737        |  258|   0|  258|          0|
    |ret_V_reg_567          |  258|   0|  258|          0|
    |shr_i_34_fu_58         |  256|   0|  256|          0|
    |t_V_10_reg_721         |  256|   0|  257|          1|
    |t_V_12_reg_596         |  257|   0|  257|          0|
    |t_V_13_reg_661         |  257|   0|  257|          0|
    |t_V_14_reg_701         |  257|   0|  257|          0|
    |t_V_1_reg_583          |  256|   0|  257|          1|
    |t_V_4_reg_648          |  256|   0|  257|          1|
    |t_V_7_reg_684          |  256|   0|  257|          1|
    |tmp_1_reg_604          |    1|   0|    1|          0|
    |tmp_2_reg_610          |    1|   0|    1|          0|
    |tmp_3_reg_616          |    1|   0|    1|          0|
    |zext_ln1496_reg_533    |  256|   0|  257|          1|
    +-----------------------+-----+----+-----+-----------+
    |Total                  | 6452|   0| 6459|          7|
    +-----------------------+-----+----+-----+-----------+



================================================================
== Interface
================================================================
* Summary: 
+-----------+-----+-----+------------+--------------+--------------+
| RTL Ports | Dir | Bits|  Protocol  | Source Object|    C Type    |
+-----------+-----+-----+------------+--------------+--------------+
|ap_clk     |   in|    1|  ap_ctrl_hs|   mod_product|  return value|
|ap_rst     |   in|    1|  ap_ctrl_hs|   mod_product|  return value|
|ap_start   |   in|    1|  ap_ctrl_hs|   mod_product|  return value|
|ap_done    |  out|    1|  ap_ctrl_hs|   mod_product|  return value|
|ap_idle    |  out|    1|  ap_ctrl_hs|   mod_product|  return value|
|ap_ready   |  out|    1|  ap_ctrl_hs|   mod_product|  return value|
|ap_return  |  out|  256|  ap_ctrl_hs|   mod_product|  return value|
|a          |   in|  256|     ap_none|             a|        scalar|
|b          |   in|  256|     ap_none|             b|        scalar|
|N          |   in|  256|     ap_none|             N|        scalar|
+-----------+-----+-----+------------+--------------+--------------+

