

================================================================
== Vitis HLS Report for 'Montgomery_Pipeline_Montgomery'
================================================================
* Date:           Thu Dec  5 17:01:35 2024

* Version:        2022.2 (Build 3670227 on Oct 13 2022)
* Project:        rsa_opt2_hls
* Solution:       solution1 (Vivado IP Flow Target)
* Product family: zynq
* Target device:  xc7z020-clg400-1


================================================================
== Performance Estimates
================================================================
+ Timing: 
    * Summary: 
    +--------+----------+----------+------------+
    |  Clock |  Target  | Estimated| Uncertainty|
    +--------+----------+----------+------------+
    |ap_clk  |  10.00 ns|  6.584 ns|     2.70 ns|
    +--------+----------+----------+------------+

+ Latency: 
    * Summary: 
    +---------+---------+----------+----------+-----+-----+---------+
    |  Latency (cycles) |  Latency (absolute) |  Interval | Pipeline|
    |   min   |   max   |    min   |    max   | min | max |   Type  |
    +---------+---------+----------+----------+-----+-----+---------+
    |      258|      258|  2.580 us|  2.580 us|  258|  258|       no|
    +---------+---------+----------+----------+-----+-----+---------+

    + Detail: 
        * Instance: 
        N/A

        * Loop: 
        +--------------+---------+---------+----------+-----------+-----------+------+----------+
        |              |  Latency (cycles) | Iteration|  Initiation Interval  | Trip |          |
        |   Loop Name  |   min   |   max   |  Latency |  achieved |   target  | Count| Pipelined|
        +--------------+---------+---------+----------+-----------+-----------+------+----------+
        |- Montgomery  |      256|      256|         2|          1|          1|   256|       yes|
        +--------------+---------+---------+----------+-----------+-----------+------+----------+



================================================================
== Utilization Estimates
================================================================
* Summary: 
+-----------------+---------+-----+--------+-------+-----+
|       Name      | BRAM_18K| DSP |   FF   |  LUT  | URAM|
+-----------------+---------+-----+--------+-------+-----+
|DSP              |        -|    -|       -|      -|    -|
|Expression       |        -|    -|       0|    808|    -|
|FIFO             |        -|    -|       -|      -|    -|
|Instance         |        -|    -|    1160|    264|    -|
|Memory           |        -|    -|       -|      -|    -|
|Multiplexer      |        -|    -|       -|     63|    -|
|Register         |        -|    -|    1297|      -|    -|
+-----------------+---------+-----+--------+-------+-----+
|Total            |        0|    0|    2457|   1135|    0|
+-----------------+---------+-----+--------+-------+-----+
|Available        |      280|  220|  106400|  53200|    0|
+-----------------+---------+-----+--------+-------+-----+
|Utilization (%)  |        0|    0|       2|      2|    0|
+-----------------+---------+-----+--------+-------+-----+

+ Detail: 
    * Instance: 
    +----------------------------+-------------------------+---------+----+-----+-----+-----+
    |          Instance          |          Module         | BRAM_18K| DSP|  FF | LUT | URAM|
    +----------------------------+-------------------------+---------+----+-----+-----+-----+
    |add_258ns_258ns_258_2_1_U5  |add_258ns_258ns_258_2_1  |        0|   0|  580|  132|    0|
    |add_258ns_258ns_258_2_1_U6  |add_258ns_258ns_258_2_1  |        0|   0|  580|  132|    0|
    +----------------------------+-------------------------+---------+----+-----+-----+-----+
    |Total                       |                         |        0|   0| 1160|  264|    0|
    +----------------------------+-------------------------+---------+----+-----+-----+-----+

    * DSP: 
    N/A

    * Memory: 
    N/A

    * FIFO: 
    N/A

    * Expression: 
    +-------------------------+----------+----+---+-----+------------+------------+
    |      Variable Name      | Operation| DSP| FF| LUT | Bitwidth P0| Bitwidth P1|
    +-------------------------+----------+----+---+-----+------------+------------+
    |i_5_fu_139_p2            |         +|   0|  0|   14|           9|           1|
    |and_ln43_1_fu_185_p2     |       and|   0|  0|    2|           1|           1|
    |and_ln43_fu_179_p2       |       and|   0|  0|    2|           1|           1|
    |icmp_ln22_fu_133_p2      |      icmp|   0|  0|   11|           9|          10|
    |or_ln43_fu_207_p2        |        or|   0|  0|    2|           1|           1|
    |select_ln43_1_fu_270_p3  |    select|   0|  0|  257|           1|         257|
    |select_ln43_2_fu_277_p3  |    select|   0|  0|  257|           1|         257|
    |select_ln43_fu_191_p3    |    select|   0|  0|  257|           1|         257|
    |ap_enable_pp0            |       xor|   0|  0|    2|           1|           2|
    |xor_ln541_fu_163_p2      |       xor|   0|  0|    2|           1|           1|
    |xor_ln901_fu_168_p2      |       xor|   0|  0|    2|           1|           2|
    +-------------------------+----------+----+---+-----+------------+------------+
    |Total                    |          |   0|  0|  808|          27|         790|
    +-------------------------+----------+----+---+-----+------------+------------+

    * Multiplexer: 
    +---------------------------+----+-----------+-----+-----------+
    |            Name           | LUT| Input Size| Bits| Total Bits|
    +---------------------------+----+-----------+-----+-----------+
    |ap_done_int                |   9|          2|    1|          2|
    |ap_enable_reg_pp0_iter1    |   9|          2|    1|          2|
    |ap_enable_reg_pp0_iter2    |   9|          2|    1|          2|
    |ap_sig_allocacmp_m_V_load  |   9|          2|  257|        514|
    |empty_fu_66                |   9|          2|  256|        512|
    |i_02_fu_62                 |   9|          2|    9|         18|
    |m_V_fu_58                  |   9|          2|  257|        514|
    +---------------------------+----+-----------+-----+-----------+
    |Total                      |  63|         14|  782|       1564|
    +---------------------------+----+-----------+-----+-----------+

    * Register: 
    +----------------------------+-----+----+-----+-----------+
    |            Name            |  FF | LUT| Bits| Const Bits|
    +----------------------------+-----+----+-----+-----------+
    |ap_CS_fsm                   |    1|   0|    1|          0|
    |ap_done_reg                 |    1|   0|    1|          0|
    |ap_enable_reg_pp0_iter1     |    1|   0|    1|          0|
    |ap_enable_reg_pp0_iter2     |    1|   0|    1|          0|
    |empty_fu_66                 |  256|   0|  256|          0|
    |i_02_fu_62                  |    9|   0|    9|          0|
    |m_V_fu_58                   |  257|   0|  257|          0|
    |m_V_load_reg_338            |  257|   0|  257|          0|
    |or_ln43_reg_359             |    1|   0|    1|          0|
    |trunc_ln22_reg_349          |    1|   0|    1|          0|
    |zext_ln1495_1_cast_reg_325  |  256|   0|  257|          1|
    |zext_ln1495_cast_reg_330    |  256|   0|  258|          2|
    +----------------------------+-----+----+-----+-----------+
    |Total                       | 1297|   0| 1300|          3|
    +----------------------------+-----+----+-----+-----------+



================================================================
== Interface
================================================================
* Summary: 
+----------------+-----+-----+------------+--------------------------------+--------------+
|    RTL Ports   | Dir | Bits|  Protocol  |          Source Object         |    C Type    |
+----------------+-----+-----+------------+--------------------------------+--------------+
|ap_clk          |   in|    1|  ap_ctrl_hs|  Montgomery_Pipeline_Montgomery|  return value|
|ap_rst          |   in|    1|  ap_ctrl_hs|  Montgomery_Pipeline_Montgomery|  return value|
|ap_start        |   in|    1|  ap_ctrl_hs|  Montgomery_Pipeline_Montgomery|  return value|
|ap_done         |  out|    1|  ap_ctrl_hs|  Montgomery_Pipeline_Montgomery|  return value|
|ap_idle         |  out|    1|  ap_ctrl_hs|  Montgomery_Pipeline_Montgomery|  return value|
|ap_ready        |  out|    1|  ap_ctrl_hs|  Montgomery_Pipeline_Montgomery|  return value|
|a               |   in|  256|     ap_none|                               a|        scalar|
|b_cast          |   in|    1|     ap_none|                          b_cast|        scalar|
|zext_ln1495     |   in|  256|     ap_none|                     zext_ln1495|        scalar|
|zext_ln1495_1   |   in|  256|     ap_none|                   zext_ln1495_1|        scalar|
|add_ln186       |   in|  257|     ap_none|                       add_ln186|        scalar|
|m_V_out         |  out|  257|      ap_vld|                         m_V_out|       pointer|
|m_V_out_ap_vld  |  out|    1|      ap_vld|                         m_V_out|       pointer|
+----------------+-----+-----+------------+--------------------------------+--------------+

