

================================================================
== Vitis HLS Report for 'multi_stage_mul_x0'
================================================================
* Date:           Thu Dec 12 16:24:58 2024

* Version:        2022.2 (Build 3670227 on Oct 13 2022)
* Project:        baseline
* Solution:       solution1 (Vivado IP Flow Target)
* Product family: zynq
* Target device:  xc7z020-clg400-1


================================================================
== Performance Estimates
================================================================
+ Timing: 
    * Summary: 
    +--------+----------+----------+------------+
    |  Clock |  Target  | Estimated| Uncertainty|
    +--------+----------+----------+------------+
    |ap_clk  |  10.00 ns|  6.969 ns|     2.70 ns|
    +--------+----------+----------+------------+

+ Latency: 
    * Summary: 
    +---------+---------+----------+----------+-----+-----+---------+
    |  Latency (cycles) |  Latency (absolute) |  Interval | Pipeline|
    |   min   |   max   |    min   |    max   | min | max |   Type  |
    +---------+---------+----------+----------+-----+-----+---------+
    |      131|      131|  1.310 us|  1.310 us|  131|  131|       no|
    +---------+---------+----------+----------+-----+-----+---------+

    + Detail: 
        * Instance: 
        +-------------------------------------------------+---------------------------------+---------+---------+----------+----------+-----+-----+---------+
        |                                                 |                                 |  Latency (cycles) |  Latency (absolute) |  Interval | Pipeline|
        |                     Instance                    |              Module             |   min   |   max   |    min   |    max   | min | max |   Type  |
        +-------------------------------------------------+---------------------------------+---------+---------+----------+----------+-----+-----+---------+
        |temp_V_multi_stage_mul_x0_add_m_fu_64            |multi_stage_mul_x0_add_m         |        0|        0|      0 ns|      0 ns|    1|    1|      yes|
        |call_ret5_multi_stage_mul_x0_update_m_t_a_fu_71  |multi_stage_mul_x0_update_m_t_a  |        0|        0|      0 ns|      0 ns|    1|    1|      yes|
        +-------------------------------------------------+---------------------------------+---------+---------+----------+----------+-----+-----+---------+

        * Loop: 
        +--------------------+---------+---------+----------+-----------+-----------+------+----------+
        |                    |  Latency (cycles) | Iteration|  Initiation Interval  | Trip |          |
        |      Loop Name     |   min   |   max   |  Latency |  achieved |   target  | Count| Pipelined|
        +--------------------+---------+---------+----------+-----------+-----------+------+----------+
        |- VITIS_LOOP_130_1  |      129|      129|         2|          1|          1|   129|       yes|
        +--------------------+---------+---------+----------+-----------+-----------+------+----------+



================================================================
== Utilization Estimates
================================================================
* Summary: 
+-----------------+---------+-----+--------+-------+-----+
|       Name      | BRAM_18K| DSP |   FF   |  LUT  | URAM|
+-----------------+---------+-----+--------+-------+-----+
|DSP              |        -|    -|       -|      -|    -|
|Expression       |        -|    -|       0|     28|    -|
|FIFO             |        -|    -|       -|      -|    -|
|Instance         |        -|    -|       0|    265|    -|
|Memory           |        -|    -|       -|      -|    -|
|Multiplexer      |        -|    -|       -|     77|    -|
|Register         |        -|    -|     398|      -|    -|
+-----------------+---------+-----+--------+-------+-----+
|Total            |        0|    0|     398|    370|    0|
+-----------------+---------+-----+--------+-------+-----+
|Available        |      280|  220|  106400|  53200|    0|
+-----------------+---------+-----+--------+-------+-----+
|Utilization (%)  |        0|    0|      ~0|     ~0|    0|
+-----------------+---------+-----+--------+-------+-----+

+ Detail: 
    * Instance: 
    +-------------------------------------------------+---------------------------------+---------+----+---+-----+-----+
    |                     Instance                    |              Module             | BRAM_18K| DSP| FF| LUT | URAM|
    +-------------------------------------------------+---------------------------------+---------+----+---+-----+-----+
    |temp_V_multi_stage_mul_x0_add_m_fu_64            |multi_stage_mul_x0_add_m         |        0|   0|  0|  265|    0|
    |call_ret5_multi_stage_mul_x0_update_m_t_a_fu_71  |multi_stage_mul_x0_update_m_t_a  |        0|   0|  0|    0|    0|
    +-------------------------------------------------+---------------------------------+---------+----+---+-----+-----+
    |Total                                            |                                 |        0|   0|  0|  265|    0|
    +-------------------------------------------------+---------------------------------+---------+----+---+-----+-----+

    * DSP: 
    N/A

    * Memory: 
    N/A

    * FIFO: 
    N/A

    * Expression: 
    +----------------------+----------+----+---+----+------------+------------+
    |     Variable Name    | Operation| DSP| FF| LUT| Bitwidth P0| Bitwidth P1|
    +----------------------+----------+----+---+----+------------+------------+
    |i_2_fu_112_p2         |         +|   0|  0|  15|           8|           1|
    |icmp_ln130_fu_106_p2  |      icmp|   0|  0|  11|           8|           8|
    |ap_enable_pp0         |       xor|   0|  0|   2|           1|           2|
    +----------------------+----------+----+---+----+------------+------------+
    |Total                 |          |   0|  0|  28|          17|          11|
    +----------------------+----------+----+---+----+------------+------------+

    * Multiplexer: 
    +-----------------------------+----+-----------+-----+-----------+
    |             Name            | LUT| Input Size| Bits| Total Bits|
    +-----------------------------+----+-----------+-----+-----------+
    |a_buf_0_fu_44                |   9|          2|  129|        258|
    |ap_done_int                  |   9|          2|    1|          2|
    |ap_enable_reg_pp0_iter1      |   9|          2|    1|          2|
    |ap_sig_allocacmp_i_1         |   9|          2|    8|         16|
    |ap_sig_allocacmp_m_V_1_load  |  14|          3|  129|        387|
    |i_fu_36                      |   9|          2|    8|         16|
    |m_V_1_fu_40                  |   9|          2|  129|        258|
    |t_V_1_fu_48                  |   9|          2|  129|        258|
    +-----------------------------+----+-----------+-----+-----------+
    |Total                        |  77|         17|  534|       1197|
    +-----------------------------+----+-----------+-----+-----------+

    * Register: 
    +-------------------------+-----+----+-----+-----------+
    |           Name          |  FF | LUT| Bits| Const Bits|
    +-------------------------+-----+----+-----+-----------+
    |a_buf_0_fu_44            |  129|   0|  129|          0|
    |ap_CS_fsm                |    1|   0|    1|          0|
    |ap_done_reg              |    1|   0|    1|          0|
    |ap_enable_reg_pp0_iter1  |    1|   0|    1|          0|
    |i_fu_36                  |    8|   0|    8|          0|
    |m_V_1_fu_40              |  129|   0|  129|          0|
    |t_V_1_fu_48              |  129|   0|  129|          0|
    +-------------------------+-----+----+-----+-----------+
    |Total                    |  398|   0|  398|          0|
    +-------------------------+-----+----+-----+-----------+



================================================================
== Interface
================================================================
* Summary: 
+-----------+-----+-----+------------+--------------------+--------------+
| RTL Ports | Dir | Bits|  Protocol  |    Source Object   |    C Type    |
+-----------+-----+-----+------------+--------------------+--------------+
|ap_clk     |   in|    1|  ap_ctrl_hs|  multi_stage_mul_x0|  return value|
|ap_rst     |   in|    1|  ap_ctrl_hs|  multi_stage_mul_x0|  return value|
|ap_start   |   in|    1|  ap_ctrl_hs|  multi_stage_mul_x0|  return value|
|ap_done    |  out|    1|  ap_ctrl_hs|  multi_stage_mul_x0|  return value|
|ap_idle    |  out|    1|  ap_ctrl_hs|  multi_stage_mul_x0|  return value|
|ap_ready   |  out|    1|  ap_ctrl_hs|  multi_stage_mul_x0|  return value|
|ap_return  |  out|  129|  ap_ctrl_hs|  multi_stage_mul_x0|  return value|
|a          |   in|  128|     ap_none|                   a|        scalar|
|b          |   in|  129|     ap_none|                   b|        scalar|
+-----------+-----+-----+------------+--------------------+--------------+

