

================================================================
== Vitis HLS Report for 'rsa'
================================================================
* Date:           Mon Dec  2 18:36:12 2024

* Version:        2022.2 (Build 3670227 on Oct 13 2022)
* Project:        baseline
* Solution:       solution1 (Vivado IP Flow Target)
* Product family: zynq
* Target device:  xc7z020-clg400-1


================================================================
== Performance Estimates
================================================================
+ Timing: 
    * Summary: 
    +--------+----------+----------+------------+
    |  Clock |  Target  | Estimated| Uncertainty|
    +--------+----------+----------+------------+
    |ap_clk  |  10.00 ns|  6.882 ns|     2.70 ns|
    +--------+----------+----------+------------+

+ Latency: 
    * Summary: 
    +---------+---------+----------+----------+--------+--------+---------+
    |  Latency (cycles) |  Latency (absolute) |     Interval    | Pipeline|
    |   min   |   max   |    min   |    max   |   min  |   max  |   Type  |
    +---------+---------+----------+----------+--------+--------+---------+
    |   264198|   526598|  2.642 ms|  5.266 ms|  264199|  526599|       no|
    +---------+---------+----------+----------+--------+--------+---------+

    + Detail: 
        * Instance: 
        N/A

        * Loop: 
        +---------------+---------+---------+-------------+-----------+-----------+------+----------+
        |               |  Latency (cycles) |  Iteration  |  Initiation Interval  | Trip |          |
        |   Loop Name   |   min   |   max   |   Latency   |  achieved |   target  | Count| Pipelined|
        +---------------+---------+---------+-------------+-----------+-----------+------+----------+
        |- Mod_Product  |     1028|     1028|            4|          -|          -|   257|        no|
        |- RSA_TOP      |   263168|   525568|  1028 ~ 2053|          -|          -|   256|        no|
        | + Montgomery  |     1024|     1024|            4|          -|          -|   256|        no|
        | + Montgomery  |     1024|     1024|            4|          -|          -|   256|        no|
        +---------------+---------+---------+-------------+-----------+-----------+------+----------+



================================================================
== Utilization Estimates
================================================================
* Summary: 
+-----------------+---------+-----+--------+-------+-----+
|       Name      | BRAM_18K| DSP |   FF   |  LUT  | URAM|
+-----------------+---------+-----+--------+-------+-----+
|DSP              |        -|    -|       -|      -|    -|
|Expression       |        -|    -|       0|   2791|    -|
|FIFO             |        -|    -|       -|      -|    -|
|Instance         |        0|    -|    6884|   3408|    -|
|Memory           |        -|    -|       -|      -|    -|
|Multiplexer      |        -|    -|       -|    207|    -|
|Register         |        -|    -|    8039|      -|    -|
+-----------------+---------+-----+--------+-------+-----+
|Total            |        0|    0|   14923|   6406|    0|
+-----------------+---------+-----+--------+-------+-----+
|Available        |      280|  220|  106400|  53200|    0|
+-----------------+---------+-----+--------+-------+-----+
|Utilization (%)  |        0|    0|      14|     12|    0|
+-----------------+---------+-----+--------+-------+-----+

+ Detail: 
    * Instance: 
    +-----------------------------+-------------------------+---------+----+------+------+-----+
    |           Instance          |          Module         | BRAM_18K| DSP|  FF  |  LUT | URAM|
    +-----------------------------+-------------------------+---------+----+------+------+-----+
    |add_257ns_257ns_257_2_1_U2   |add_257ns_257ns_257_2_1  |        0|   0|   580|   132|    0|
    |add_258ns_258ns_258_2_1_U1   |add_258ns_258ns_258_2_1  |        0|   0|   580|   132|    0|
    |add_258ns_258ns_258_2_1_U5   |add_258ns_258ns_258_2_1  |        0|   0|   580|   132|    0|
    |add_258ns_258ns_258_2_1_U7   |add_258ns_258ns_258_2_1  |        0|   0|   580|   132|    0|
    |add_258ns_258ns_258_2_1_U8   |add_258ns_258ns_258_2_1  |        0|   0|   580|   132|    0|
    |add_258ns_258ns_258_2_1_U10  |add_258ns_258ns_258_2_1  |        0|   0|   580|   132|    0|
    |control_s_axi_U              |control_s_axi            |        0|   0|  1084|  2088|    0|
    |sub_256ns_256ns_256_2_1_U6   |sub_256ns_256ns_256_2_1  |        0|   0|   580|   132|    0|
    |sub_256ns_256ns_256_2_1_U9   |sub_256ns_256ns_256_2_1  |        0|   0|   580|   132|    0|
    |sub_257ns_257ns_257_2_1_U3   |sub_257ns_257ns_257_2_1  |        0|   0|   580|   132|    0|
    |sub_257ns_257ns_257_2_1_U4   |sub_257ns_257ns_257_2_1  |        0|   0|   580|   132|    0|
    +-----------------------------+-------------------------+---------+----+------+------+-----+
    |Total                        |                         |        0|   0|  6884|  3408|    0|
    +-----------------------------+-------------------------+---------+----+------+------+-----+

    * DSP: 
    N/A

    * Memory: 
    N/A

    * FIFO: 
    N/A

    * Expression: 
    +-------------------------+----------+----+---+-----+------------+------------+
    |      Variable Name      | Operation| DSP| FF| LUT | Bitwidth P0| Bitwidth P1|
    +-------------------------+----------+----+---+-----+------------+------------+
    |i_10_fu_443_p2           |         +|   0|  0|   14|           9|           1|
    |i_11_fu_423_p2           |         +|   0|  0|   14|           9|           1|
    |i_12_fu_556_p2           |         +|   0|  0|   14|           9|           1|
    |i_8_fu_256_p2            |         +|   0|  0|   14|           9|           1|
    |and_ln1031_fu_364_p2     |       and|   0|  0|    2|           1|           1|
    |icmp_ln1031_1_fu_476_p2  |      icmp|   0|  0|   93|         257|         257|
    |icmp_ln1031_2_fu_589_p2  |      icmp|   0|  0|   93|         257|         257|
    |icmp_ln1031_fu_360_p2    |      icmp|   0|  0|   93|         258|         258|
    |icmp_ln1035_fu_293_p2    |      icmp|   0|  0|   93|         258|         258|
    |icmp_ln13_1_fu_550_p2    |      icmp|   0|  0|   11|           9|          10|
    |icmp_ln13_fu_437_p2      |      icmp|   0|  0|   11|           9|          10|
    |icmp_ln36_fu_250_p2      |      icmp|   0|  0|   11|           9|           9|
    |icmp_ln76_fu_417_p2      |      icmp|   0|  0|   11|           9|          10|
    |m_V_13_fu_607_p3         |    select|   0|  0|  258|           1|         258|
    |m_V_3_fu_370_p3          |    select|   0|  0|  257|           1|         257|
    |m_V_4_fu_377_p3          |    select|   0|  0|  257|           1|         257|
    |m_V_7_fu_535_p3          |    select|   0|  0|  256|           1|         256|
    |m_V_9_fu_490_p3          |    select|   0|  0|  258|           1|         258|
    |select_ln18_1_fu_641_p3  |    select|   0|  0|  257|           1|         257|
    |select_ln18_fu_524_p3    |    select|   0|  0|  257|           1|         257|
    |select_ln24_fu_652_p3    |    select|   0|  0|  256|           1|         256|
    |t_V_3_fu_342_p3          |    select|   0|  0|  257|           1|         257|
    |xor_ln1031_1_fu_647_p2   |       xor|   0|  0|    2|           1|           2|
    |xor_ln1031_fu_530_p2     |       xor|   0|  0|    2|           1|           2|
    +-------------------------+----------+----+---+-----+------------+------------+
    |Total                    |          |   0|  0| 2791|        1114|        3391|
    +-------------------------+----------+----+---+-----+------------+------------+

    * Multiplexer: 
    +------------------+----+-----------+-----+-----------+
    |       Name       | LUT| Input Size| Bits| Total Bits|
    +------------------+----+-----------+-----+-----------+
    |a_V_fu_118        |   9|          2|  256|        512|
    |ap_NS_fsm         |  81|         17|    1|         17|
    |d_V_fu_106        |   9|          2|  256|        512|
    |empty_21_reg_147  |   9|          2|  256|        512|
    |empty_23_reg_178  |   9|          2|  256|        512|
    |i_1_fu_110        |   9|          2|    9|         18|
    |i_3_reg_156       |   9|          2|    9|         18|
    |i_6_reg_187       |   9|          2|    9|         18|
    |i_fu_98           |   9|          2|    9|         18|
    |lhs_1_fu_94       |   9|          2|  257|        514|
    |lhs_fu_90         |   9|          2|  257|        514|
    |m_V_11_reg_198    |   9|          2|  257|        514|
    |m_V_1_fu_114      |   9|          2|  256|        512|
    |m_V_6_reg_167     |   9|          2|  257|        514|
    |shr_i4_i_fu_102   |   9|          2|  257|        514|
    +------------------+----+-----------+-----+-----------+
    |Total             | 207|         45| 2602|       5219|
    +------------------+----+-----------+-----+-----------+

    * Register: 
    +------------------------+-----+----+-----+-----------+
    |          Name          |  FF | LUT| Bits| Const Bits|
    +------------------------+-----+----+-----+-----------+
    |N_read_reg_711          |  256|   0|  256|          0|
    |a_V_fu_118              |  256|   0|  256|          0|
    |ap_CS_fsm               |   16|   0|   16|          0|
    |conv_i167_i_reg_722     |  256|   0|  258|          2|
    |d_V_fu_106              |  256|   0|  256|          0|
    |d_read_reg_717          |  256|   0|  256|          0|
    |empty_21_reg_147        |  256|   0|  256|          0|
    |empty_23_reg_178        |  256|   0|  256|          0|
    |i_10_reg_841            |    9|   0|    9|          0|
    |i_11_reg_824            |    9|   0|    9|          0|
    |i_12_reg_901            |    9|   0|    9|          0|
    |i_1_fu_110              |    9|   0|    9|          0|
    |i_3_reg_156             |    9|   0|    9|          0|
    |i_6_reg_187             |    9|   0|    9|          0|
    |i_fu_98                 |    9|   0|    9|          0|
    |icmp_ln1031_1_reg_862   |    1|   0|    1|          0|
    |icmp_ln1031_2_reg_922   |    1|   0|    1|          0|
    |icmp_ln1035_reg_760     |    1|   0|    1|          0|
    |lhs_1_fu_94             |  257|   0|  257|          0|
    |lhs_fu_90               |  257|   0|  257|          0|
    |lhs_load_1_reg_741      |  257|   0|  257|          0|
    |m_V_11_reg_198          |  257|   0|  257|          0|
    |m_V_13_reg_933          |  258|   0|  258|          0|
    |m_V_1_fu_114            |  256|   0|  256|          0|
    |m_V_4_reg_810           |  257|   0|  257|          0|
    |m_V_6_reg_167           |  257|   0|  257|          0|
    |m_V_9_reg_873           |  258|   0|  258|          0|
    |m_V_reg_804             |  257|   0|  257|          0|
    |ret_V_reg_799           |  258|   0|  258|          0|
    |shr_i4_i_fu_102         |  257|   0|  257|          0|
    |t_V_2_reg_765           |  256|   0|  257|          1|
    |tmp_2_reg_883           |  257|   0|  257|          0|
    |tmp_4_reg_943           |  257|   0|  257|          0|
    |trunc_ln1497_1_reg_829  |    1|   0|    1|          0|
    |trunc_ln1497_2_reg_846  |    1|   0|    1|          0|
    |trunc_ln1497_3_reg_878  |    1|   0|    1|          0|
    |trunc_ln1497_4_reg_906  |    1|   0|    1|          0|
    |trunc_ln1497_5_reg_938  |    1|   0|    1|          0|
    |trunc_ln186_1_reg_927   |  256|   0|  256|          0|
    |trunc_ln186_reg_867     |  256|   0|  256|          0|
    |zext_ln13_1_reg_911     |  257|   0|  258|          1|
    |zext_ln13_reg_851       |  257|   0|  258|          1|
    |zext_ln1495_1_reg_893   |  256|   0|  258|          2|
    |zext_ln1495_reg_833     |  256|   0|  258|          2|
    |zext_ln1496_reg_730     |  256|   0|  257|          1|
    |zext_ln1669_1_reg_857   |  255|   0|  256|          1|
    |zext_ln1669_3_reg_917   |  255|   0|  256|          1|
    +------------------------+-----+----+-----+-----------+
    |Total                   | 8039|   0| 8051|         12|
    +------------------------+-----+----+-----+-----------+



================================================================
== Interface
================================================================
* Summary: 
+-----------------------+-----+-----+------------+--------------+--------------+
|       RTL Ports       | Dir | Bits|  Protocol  | Source Object|    C Type    |
+-----------------------+-----+-----+------------+--------------+--------------+
|s_axi_control_AWVALID  |   in|    1|       s_axi|       control|       pointer|
|s_axi_control_AWREADY  |  out|    1|       s_axi|       control|       pointer|
|s_axi_control_AWADDR   |   in|    8|       s_axi|       control|       pointer|
|s_axi_control_WVALID   |   in|    1|       s_axi|       control|       pointer|
|s_axi_control_WREADY   |  out|    1|       s_axi|       control|       pointer|
|s_axi_control_WDATA    |   in|   32|       s_axi|       control|       pointer|
|s_axi_control_WSTRB    |   in|    4|       s_axi|       control|       pointer|
|s_axi_control_ARVALID  |   in|    1|       s_axi|       control|       pointer|
|s_axi_control_ARREADY  |  out|    1|       s_axi|       control|       pointer|
|s_axi_control_ARADDR   |   in|    8|       s_axi|       control|       pointer|
|s_axi_control_RVALID   |  out|    1|       s_axi|       control|       pointer|
|s_axi_control_RREADY   |   in|    1|       s_axi|       control|       pointer|
|s_axi_control_RDATA    |  out|   32|       s_axi|       control|       pointer|
|s_axi_control_RRESP    |  out|    2|       s_axi|       control|       pointer|
|s_axi_control_BVALID   |  out|    1|       s_axi|       control|       pointer|
|s_axi_control_BREADY   |   in|    1|       s_axi|       control|       pointer|
|s_axi_control_BRESP    |  out|    2|       s_axi|       control|       pointer|
|ap_clk                 |   in|    1|  ap_ctrl_hs|           rsa|  return value|
|ap_rst_n               |   in|    1|  ap_ctrl_hs|           rsa|  return value|
|interrupt              |  out|    1|  ap_ctrl_hs|           rsa|  return value|
+-----------------------+-----+-----+------------+--------------+--------------+

